[www.cadro.com/index.html]
[backblue.gif]
[fade.gif]
[index.html]
[www.cadro.com/wealth.html]
[www.cadro.com/institutions.html]
[www.cadro.com/news-and-insights.html]
[www.cadro.com/who-we-are.html]
[www.cadro.com/contact.html]
[www.cadro.com/articles/cadro-wins-breakout-prize-at-city-of-london-wealth-management-awards.html]
[www.cadro.com/articles/why-wealth-management-struggles-with-modern-clients.html]
[www.cadro.com/articles/cash-erosion-high-net-worth-investors-protect-wealth.html]
[www.cadro.com/terms-and-conditions.html]
[www.cadro.com/privacy-policy.html]
[www.cadro.com/index.html]
[www.cadro.com/legal-and-regulatory.html]
[www.cadro.com/wealth.html]
[www.cadro.com/institutions.html]
[www.cadro.com/news-and-insights.html]
[www.cadro.com/who-we-are.html]
[www.cadro.com/contact.html]
[www.cadro.com/articles/cadro-wins-breakout-prize-at-city-of-london-wealth-management-awards.html]
[www.cadro.com/articles/why-wealth-management-struggles-with-modern-clients.html]
[www.cadro.com/news-and-insights611a.html]
[www.cadro.com/articles/cash-erosion-high-net-worth-investors-protect-wealth.html]
[www.cadro.com/terms-and-conditions.html]
[www.cadro.com/privacy-policy.html]
[www.cadro.com/legal-and-regulatory/terms-and-conditions.html]
[www.cadro.com/legal-and-regulatory/privacy-policy.html]
[www.cadro.com/legal-and-regulatory/complaints-procedure.html]
[www.cadro.com/legal-and-regulatory/order-execution-policy.html]
[www.cadro.com/legal-and-regulatory/discretionary-client-terms-and-conditions.html]
[www.cadro.com/legal-and-regulatory/ifpr-disclosures.html]
[www.cadro.com/legal-and-regulatory.html]
[www.cadro.com/articles/cadro-celebrates-three-year-investment-track-record-milestone.html]
[www.cadro.com/articles/meet-the-chairman-gordon-hurst.html]
[www.cadro.com/articles/coffee-with-cadro-episode-8-world-check-founder-david-leppan.html]
[www.cadro.com/news-and-insightse89e.html]
[www.cadro.com/news-and-insights4d6f.html]
[www.cadro.com/news-and-insights611a.html]
[www.cadro.com/legal-and-regulatory/terms-and-conditions.html]
[www.cadro.com/legal-and-regulatory/privacy-policy.html]
[www.cadro.com/legal-and-regulatory/complaints-procedure.html]
[www.cadro.com/legal-and-regulatory/order-execution-policy.html]
[www.cadro.com/legal-and-regulatory/discretionary-client-terms-and-conditions.html]
[www.cadro.com/legal-and-regulatory/ifpr-disclosures.html]
[www.cadro.com/articles/cadro-celebrates-three-year-investment-track-record-milestone.html]
[www.cadro.com/articles/meet-the-chairman-gordon-hurst.html]
[www.cadro.com/articles/coffee-with-cadro-episode-8-world-check-founder-david-leppan.html]
[www.cadro.com/news-and-insightse89e.html]
[www.cadro.com/articles/coffee-with-cadro-episode-7-redefining-luxury-travel-with-little-emperors.html]
[www.cadro.com/articles/coffee-with-cadro-episode-6-music-industry-legend-craig-logan-on-his-journey-from-pop-stardom-to-beloved-record-exec.html]
[www.cadro.com/articles/food-fighting-finance-episode-2-mr-story-feat-tom-sellers.html]
[www.cadro.com/news-and-insights4d6f.html]
[www.cadro.com/_https_/cdn.prod.website-files.com/6477332607fa08930fe00261/6491ab1c780fa954eb9a3f02_Gradient-poster-00001.html]
[www.cadro.com/_https_/cdn.prod.website-files.com/6477332607fa08930fe00261/6480860eac905a2078ffa8f7_Recording 2023-06-07 171535-poster-00001.html]
[www.cadro.com/articles/coffee-with-cadro-episode-7-redefining-luxury-travel-with-little-emperors.html]
[www.cadro.com/articles/coffee-with-cadro-episode-6-music-industry-legend-craig-logan-on-his-journey-from-pop-stardom-to-beloved-record-exec.html]
[www.cadro.com/articles/food-fighting-finance-episode-2-mr-story-feat-tom-sellers.html]
[www.cadro.com/news-and-insights58cc.html]
[www.cadro.com/articles/coffee-with-cadro-episode-5-challenging-the-credit-card-industry-with-yonder.html]
[www.cadro.com/articles/cadro-heralded-as-gamechangers-of-the-year-at-citywealth-magic-circle-awards.html]
[www.cadro.com/articles/food-fighting-finance-episode-1-two-michelin-starred-tom-sellers-joins-boxing-greats-in-the-dining-room.html]
[www.cadro.com/news-and-insights58cc.html]
[www.cadro.com/articles/unlocking-private-markets-cadros-mission.html]
[www.cadro.com/articles/coffee-with-cadro-episode-5-challenging-the-credit-card-industry-with-yonder.html]
[www.cadro.com/articles/cadro-heralded-as-gamechangers-of-the-year-at-citywealth-magic-circle-awards.html]
[www.cadro.com/articles/food-fighting-finance-episode-1-two-michelin-starred-tom-sellers-joins-boxing-greats-in-the-dining-room.html]
[www.cadro.com/news-and-insights2a06.html]
[www.cadro.com/articles/coffee-with-cadro-episode-4-shaking-up-the-beverage-industry-with-hip-pop.html]
[www.cadro.com/articles/cutting-out-the-noise-retaining-long-term-investment-focus-in-the-24-hour-news-cycle.html]
[www.cadro.com/articles/cadro-takes-top-prize-for-client-engagement.html]
[www.cadro.com/news-and-insights2a06.html]
[www.cadro.com/articles/coffee-with-cadro-episode-4-shaking-up-the-beverage-industry-with-hip-pop.html]
[www.cadro.com/articles/cutting-out-the-noise-retaining-long-term-investment-focus-in-the-24-hour-news-cycle.html]
[www.cadro.com/articles/cadro-takes-top-prize-for-client-engagement.html]
[www.cadro.com/news-and-insights0c05.html]
[www.cadro.com/articles/coffee-with-cadro-episode-iii-craig-sams-green-blacks-whole-earth.html]
[www.cadro.com/articles/coffee-with-cadro-episode-ii-natasa-williams-on-growing-up-in-kenya-m-a-in-new-york-and-the-power-of-the-blank-sheet-of-paper.html]
[www.cadro.com/articles/coffee-with-cadro-podcast-jordan-buck-on-background-business-and-briefcases.html]
[www.cadro.com/news-and-insights0c05.html]
[www.cadro.com/articles/coffee-with-cadro-episode-iii-craig-sams-green-blacks-whole-earth.html]
[www.cadro.com/articles/coffee-with-cadro-episode-ii-natasa-williams-on-growing-up-in-kenya-m-a-in-new-york-and-the-power-of-the-blank-sheet-of-paper.html]
[www.cadro.com/articles/coffee-with-cadro-podcast-jordan-buck-on-background-business-and-briefcases.html]
[www.cadro.com/news-and-insightsa018.html]
[www.cadro.com/articles/what-does-another-donald-trump-presidency-mean-for-financial-markets.html]
[www.cadro.com/articles/cadro-named-in-the-tech-nation-upscale-programme-for-2024.html]
[www.cadro.com/articles/football-finance-and-the-future-cadro-joins-the-no1-fan-club-in-the-podcast-studio.html]
[www.cadro.com/news-and-insightsa018.html]
[www.cadro.com/articles/what-does-another-donald-trump-presidency-mean-for-financial-markets.html]
[www.cadro.com/articles/cadro-named-in-the-tech-nation-upscale-programme-for-2024.html]
[www.cadro.com/articles/football-finance-and-the-future-cadro-joins-the-no1-fan-club-in-the-podcast-studio.html]
[www.cadro.com/news-and-insights6e5c.html]
[www.cadro.com/articles/cadro-named-wealthtech-of-the-year-at-the-europe-fintech-awards.html]
[www.cadro.com/articles/introducing-cadro-your-personal-wealth-partner-in-the-palm-of-your-hand.html]
[www.cadro.com/articles/business-titan-gordon-hurst-chairman-joins-cadro-as-chairman.html]
[www.cadro.com/news-and-insights96a6.html]
[www.cadro.com/news-and-insights6e5c.html]
[www.cadro.com/articles/cadro-named-wealthtech-of-the-year-at-the-europe-fintech-awards.html]
[www.cadro.com/articles/introducing-cadro-your-personal-wealth-partner-in-the-palm-of-your-hand.html]
[www.cadro.com/articles/business-titan-gordon-hurst-chairman-joins-cadro-as-chairman.html]
[www.cadro.com/articles/what-can-cadro-do-for-investors-from-sports-media-and-entertainment.html]
[www.cadro.com/articles/cadro-named-one-of-the-worlds-most-innovative-wealthtech-companies.html]
[www.cadro.com/articles/collecting-a-love-story-and-a-sound-investment.html]
[www.cadro.com/news-and-insights4cc7.html]
[www.cadro.com/news-and-insights96a6.html]
[www.cadro.com/articles/what-can-cadro-do-for-investors-from-sports-media-and-entertainment.html]
[www.cadro.com/articles/cadro-named-one-of-the-worlds-most-innovative-wealthtech-companies.html]
[www.cadro.com/articles/collecting-a-love-story-and-a-sound-investment.html]
[www.cadro.com/articles/cadro-celebrates-stellar-year-of-investing.html]
[www.cadro.com/articles/does-conflict-in-the-red-sea-spell-more-inflationary-havoc.html]
[www.cadro.com/articles/selling-a-business-5-mistakes-entrepreneurs-should-avoid.html]
[www.cadro.com/news-and-insights4cc7.html]
[www.cadro.com/articles/cadro-celebrates-stellar-year-of-investing.html]
[www.cadro.com/articles/does-conflict-in-the-red-sea-spell-more-inflationary-havoc.html]
[www.cadro.com/articles/selling-a-business-5-mistakes-entrepreneurs-should-avoid.html]
[www.cadro.com/news-and-insights90e7.html]
[www.cadro.com/articles/unlocking-private-markets-for-dc-pension-schemes-and-trustees.html]
[www.cadro.com/articles/why-does-a-higher-for-longer-policy-matter-for-us-interest-rates.html]
[www.cadro.com/articles/defined-contribution-pensions-now-is-the-time-to-embrace-private-markets.html]
[www.cadro.com/news-and-insights90e7.html]
[www.cadro.com/articles/unlocking-private-markets-for-dc-pension-schemes-and-trustees.html]
[www.cadro.com/articles/why-does-a-higher-for-longer-policy-matter-for-us-interest-rates.html]
[www.cadro.com/articles/defined-contribution-pensions-now-is-the-time-to-embrace-private-markets.html]
[www.cadro.com/news-and-insightsa28d.html]
[www.cadro.com/articles/more-noise-than-news-fitch-downgrades-us-debt-rating.html]
[www.cadro.com/articles/cadro-showreel.html]
[www.cadro.com/articles/literacy-capital-backs-cadro-to-accelerate-growth.html]
[www.cadro.com/news-and-insights74c4.html]
[www.cadro.com/news-and-insightsa28d.html]
[www.cadro.com/articles/more-noise-than-news-fitch-downgrades-us-debt-rating.html]
[www.cadro.com/articles/cadro-showreel.html]
[www.cadro.com/articles/literacy-capital-backs-cadro-to-accelerate-growth.html]
[www.cadro.com/news-and-insights74c4.html]
[www.cadro.com/articles/another-debt-ceiling-agreement-kicks-the-discussion-into-2025.html]
[www.cadro.com/articles/another-debt-ceiling-agreement-kicks-the-discussion-into-2025.html]
